"","x"
"1",0.140710073640003
"2",0.248533948607437
"3",0.0566792693181931
"4",0.166836244901868
"5",0.291165853031747
"6",0.194127017158643
"7",0.209986435514041
"8",0.157108935869424
"9",0.139331696629694
"10",0.24795395802348
"11",0.0074634752843691
"12",0.0608791107536498
"13",0.269836471286384
"14",0.212125744420107
"15",0.0612466109247165
"16",0.110609246200517
