"","V1","V2","V3"
"1",0.332611084605257,0.0942262204475948,0.0291870083674439
"2",,0.226283738309007,-0.118547439208632
"3",,,0.256238595933635
