"","V1","V2","V3"
"1",0.193657942601344,0.199440614301758,0.191267469766278
"2",,0.243319039057171,0.246394661379397
"3",,,0.247310417069178
